NAV http://localhost:3003/en/login -> 200 in 730ms
PASS  en-mobile: login
PASS  en-mobile: served by build 4cob3-9M9koVAwBdJkAvo
PASS  en-mobile: dir=ltr
NAV http://localhost:3003/en/app/dashboard -> 200 in 9684ms
PASS  en-mobile: command center renders — 3069 chars
PASS  en-mobile: observations visible — FM-008,OM-014,OPS-021
PASS  en-mobile: approval card visible — waiting-for-approval section
PASS  en-mobile: approval controls present — 7 controls
NAV http://localhost:3003/en/app/contracts/eac2d064-2b71-4cf1-b882-fdcc1c99db27/officer -> 200 in 1366ms
PASS  en-mobile: contract officer page renders — 478 chars
NAV http://localhost:3003/en/app/agent -> 200 in 12853ms
PASS  en-mobile: composer present
PASS  en-mobile: conversation answered — 1076 chars new
PASS  en-mobile: reply grounded in seeded contracts
PASS  en-mobile: citations rendered — 2 new citation links
PASS  en-mobile: no invented money in reply
NAV http://localhost:3003/en/app/tasks -> 200 in 8843ms
PASS  en-mobile: tasks page renders
PASS  en-mobile: no console errors

4A.1 BROWSER REGRESSION: 15 PASS · 0 FAIL · 0 NOT ASSESSED
BROWSER MODEL USAGE: 1 turns · 4744 tokens (API-reported) · ≤2 requests (upper bound)
