NAV http://localhost:3003/en/login -> 200 in 2031ms
PASS  en-mobile: login
PASS  en-mobile: served by build mBbz8ZEFYcsoLhRx-Njki
PASS  en-mobile: dir=ltr
NAV http://localhost:3003/en/app/dashboard -> 200 in 4797ms
PASS  en-mobile: command center renders — 3069 chars
PASS  en-mobile: observations visible — FM-008,OM-014,OPS-021
PASS  en-mobile: approval card visible — waiting-for-approval section
PASS  en-mobile: approval controls present — 7 controls
NAV http://localhost:3003/en/app/contracts/fab9f561-dc89-4b35-9ee0-c4e70c98dcf8/officer -> 200 in 1908ms
PASS  en-mobile: contract officer page renders — 478 chars
NAV http://localhost:3003/en/app/agent -> 200 in 11479ms
PASS  en-mobile: composer present
PASS  en-mobile: conversation answered — message 9cee77ad · 138 chars
PASS  en-mobile: reply grounded in seeded contracts — message 9cee77ad
PASS  en-mobile: new message rendered on the page — One obligation is overdue:
PASS  en-mobile: citations rendered — 2 new citation links
PASS  en-mobile: no invented money in reply
NAV http://localhost:3003/en/app/tasks -> 200 in 4681ms
PASS  en-mobile: tasks page renders
PASS  en-mobile: no console errors

4A.1 BROWSER REGRESSION: 16 PASS · 0 FAIL · 0 NOT ASSESSED
BROWSER MODEL USAGE: 1 turns · 5343 tokens (API-reported) · ≤2 requests (upper bound)
